// Jest Snapshot v1, https://goo.gl/fbAQLP

exports[`failures case: { _test } 1`] = `
"
Errors
- Cannot query field \\"_test\\" on type \\"Query\\". Did you mean \\"test\\"?

"
`;

exports[`success cases { test } 1`] = `
"
{
  \\"data\\": {
    \\"test\\": \\"success!\\"
  }
}
"
`;

exports[`success cases --inspect 1`] = `
"
type Mutation {
  updateUser(email: String, phone: Int, isValid: Boolean): String
  setLogLevel(input: Boolean!): Float
}

type Query {
  test: String
}
"
`;

exports[`success cases -I 1`] = `
"
type Mutation {
  updateUser(email: String, phone: Int, isValid: Boolean): String
  setLogLevel(input: Boolean!): Float
}

type Query {
  test: String
}
"
`;
